[darlingch33ts.xyz/index.html]
[backblue.gif]
[fade.gif]
[index.html]
[darlingch33ts.xyz/DarlingCh33ts.xyz]
[darlingch33ts.xyz/assets/icons/astral.jpg]
[darlingch33ts.xyz/assets/stylesheets/stylesheet.css]
[cdnjs.cloudflare.com/ajax/libs/animate.css/3.5.2/animate.min.css]
[darlingch33ts.xyz/assets/javascript/app.js]
[darlingch33ts.xyz/assets/others/cool.mp4]
[darlingch33ts.xyz/darlingcheats.rar]
[darlingch33ts.xyz/assets/javascript/lib/jquery-3.1.1.min.js]
[darlingch33ts.xyz/assets/javascript/lib/jquery.marquee.min.js]
[darlingch33ts.xyz/assets/javascript/lib/jquery.cookie.min.js]
[darlingch33ts.xyz/assets/javascript/lib/typed.min.js]
[darlingch33ts.xyz/assets/javascript/portfolio.js]
[darlingch33ts.xyz/assets/javascript/analytics.js]
[darlingch33ts.xyz/index.html]
[darlingch33ts.xyz/DarlingCh33ts.html]
[darlingch33ts.xyz/assets/others/cursor.png]
[darlingch33ts.xyz/assets/others/Consolas.ttf]
[darlingch33ts.xyz/assets/others/dot.png]
[darlingch33ts.xyz/assets/stylesheets/stylesheet.css]
[cdnjs.cloudflare.com/ajax/libs/animate.css/3.5.2/animate.min.css]
[darlingch33ts.xyz/assets/others/Consolas.html]
